
Allocating common symbols
Common symbol       size              file

gdt_table           0x100             bin/arch.o
idt_ptr             0x6               bin/arch.o
tss                 0x6c              bin/arch.o
gdt_ptr             0x6               bin/arch.o
tss_sel             0x2               bin/arch.o
ldt_ptr             0x6               bin/arch.o
idt_table           0x800             bin/arch.o
ldt_table           0x40              bin/arch.o

Discarded input sections

 .note.GNU-stack
                0x0000000000000000        0x0 bin/arch.o

Memory Configuration

Name             Origin             Length             Attributes
*default*        0x0000000000000000 0xffffffffffffffff

Linker script and memory map

Address of section .text set to 0x100000
Address of section memory set to 0x15000
LOAD bin/arch.o
                0x0000000008048000                PROVIDE (__executable_start, 0x8048000)
                0x0000000008048094                . = (0x8048000 + SIZEOF_HEADERS)

.interp
 *(.interp)

.note.gnu.build-id
 *(.note.gnu.build-id)

.hash
 *(.hash)

.gnu.hash
 *(.gnu.hash)

.dynsym
 *(.dynsym)

.dynstr
 *(.dynstr)

.gnu.version
 *(.gnu.version)

.gnu.version_d
 *(.gnu.version_d)

.gnu.version_r
 *(.gnu.version_r)

.rel.dyn        0x0000000008048094        0x0
 *(.rel.init)
 *(.rel.text .rel.text.* .rel.gnu.linkonce.t.*)
 .rel.text      0x0000000000000000        0x0 bin/arch.o
 *(.rel.fini)
 *(.rel.rodata .rel.rodata.* .rel.gnu.linkonce.r.*)
 *(.rel.data.rel.ro* .rel.gnu.linkonce.d.rel.ro.*)
 *(.rel.data .rel.data.* .rel.gnu.linkonce.d.*)
 *(.rel.tdata .rel.tdata.* .rel.gnu.linkonce.td.*)
 *(.rel.tbss .rel.tbss.* .rel.gnu.linkonce.tb.*)
 *(.rel.ctors)
 *(.rel.dtors)
 *(.rel.got)
 *(.rel.bss .rel.bss.* .rel.gnu.linkonce.b.*)
 *(.rel.ifunc)

.rel.plt        0x0000000008048094        0x0
 *(.rel.plt)
                0x0000000008048094                PROVIDE (__rel_iplt_start, .)
 *(.rel.iplt)
 .rel.iplt      0x0000000000000000        0x0 bin/arch.o
                0x0000000008048094                PROVIDE (__rel_iplt_end, .)

.init
 *(.init)

.plt            0x00000000080480a0        0x0
 *(.plt)
 *(.iplt)
 .iplt          0x0000000000000000        0x0 bin/arch.o

.text           0x0000000000100000      0xed5
 *(.text.unlikely .text.*_unlikely)
 *(.text.exit .text.exit.*)
 *(.text.startup .text.startup.*)
 *(.text.hot .text.hot.*)
 *(.text .stub .text.* .gnu.linkonce.t.*)
 .text          0x0000000000100000      0xed5 bin/arch.o
                0x0000000000100000                _start
                0x0000000000100034                print
                0x0000000000100074                KernelMain
                0x0000000000100090                desc_init
                0x0000000000100118                desc_create
                0x000000000010015b                gdt_get_sel
                0x0000000000100180                ldt_get_sel
                0x00000000001001a5                gate_init
                0x0000000000100208                gate_create
                0x0000000000100258                gdt_init
                0x000000000010037d                gdt_add
                0x00000000001003d7                gdt_remove
                0x00000000001003fa                gdt_set
                0x000000000010042b                gdt_get
                0x0000000000100451                gdt_load
                0x0000000000100488                ldt_init
                0x000000000010048d                ldt_add
                0x00000000001004e7                ldt_remove
                0x000000000010050a                ldt_set
                0x000000000010053b                ldt_get
                0x0000000000100561                ldt_load
                0x0000000000100598                idt_init
                0x00000000001005a5                idt_set
                0x00000000001005c1                idt_get
                0x00000000001005df                idt_init_call
                0x000000000010063b                idt_init_intr
                0x0000000000100697                idt_init_trap
                0x00000000001006f3                idt_init_task
                0x000000000010074f                idt_load
                0x0000000000100784                intr_handle
                0x00000000001007a0                page_link
                0x0000000000100821                page_init
                0x0000000000100961                page_directory_load
                0x0000000000100978                mem_init
                0x0000000000100a9c                mem_page_busy
                0x0000000000100af4                mem_page_free
                0x0000000000100b4e                mem_page_getfree
                0x0000000000100bfc                mem_page_alloc
                0x0000000000100d0c                tss_init
                0x0000000000100d89                tss_load
                0x0000000000100dd3                init_8259A
 *(.gnu.warning)

.fini
 *(.fini)
                0x0000000000100ed5                PROVIDE (__etext, .)
                0x0000000000100ed5                PROVIDE (_etext, .)
                0x0000000000100ed5                PROVIDE (etext, .)

.rodata         0x0000000000100ed5       0x24
 *(.rodata .rodata.* .gnu.linkonce.r.*)
 .rodata        0x0000000000100ed5       0x24 bin/arch.o

.rodata1
 *(.rodata1)

.eh_frame_hdr
 *(.eh_frame_hdr)

.eh_frame       0x0000000000100efc      0x580
 *(.eh_frame)
 .eh_frame      0x0000000000100efc      0x580 bin/arch.o
                                        0x640 (size before relaxing)

.gcc_except_table
 *(.gcc_except_table .gcc_except_table.*)

.exception_ranges
 *(.exception_ranges .exception_ranges*)
                0x000000000010147c                . = (ALIGN (0x1000) - ((0x1000 - .) & 0xfff))
                0x000000000010247c                . = DATA_SEGMENT_ALIGN (0x1000, 0x1000)

.eh_frame
 *(.eh_frame)

.gcc_except_table
 *(.gcc_except_table .gcc_except_table.*)

.exception_ranges
 *(.exception_ranges .exception_ranges*)

.tdata
 *(.tdata .tdata.* .gnu.linkonce.td.*)

.tbss
 *(.tbss .tbss.* .gnu.linkonce.tb.*)
 *(.tcommon)

.preinit_array  0x000000000010247c        0x0
                0x000000000010247c                PROVIDE (__preinit_array_start, .)
 *(.preinit_array)
                0x000000000010247c                PROVIDE (__preinit_array_end, .)

.init_array     0x000000000010247c        0x0
                0x000000000010247c                PROVIDE (__init_array_start, .)
 *(SORT(.init_array.*) SORT(.ctors.*))
 *(.init_array)
 *(EXCLUDE_FILE(*crtend?.o *crtend.o *crtbegin?.o *crtbegin.o) .ctors)
                0x000000000010247c                PROVIDE (__init_array_end, .)

.fini_array     0x000000000010247c        0x0
                0x000000000010247c                PROVIDE (__fini_array_start, .)
 *(SORT(.fini_array.*) SORT(.dtors.*))
 *(.fini_array)
 *(EXCLUDE_FILE(*crtend?.o *crtend.o *crtbegin?.o *crtbegin.o) .dtors)
                0x000000000010247c                PROVIDE (__fini_array_end, .)

.ctors
 *crtbegin.o(.ctors)
 *crtbegin?.o(.ctors)
 *(EXCLUDE_FILE(*crtend?.o *crtend.o) .ctors)
 *(SORT(.ctors.*))
 *(.ctors)

.dtors
 *crtbegin.o(.dtors)
 *crtbegin?.o(.dtors)
 *(EXCLUDE_FILE(*crtend?.o *crtend.o) .dtors)
 *(SORT(.dtors.*))
 *(.dtors)

.jcr
 *(.jcr)

.data.rel.ro
 *(.data.rel.ro.local* .gnu.linkonce.d.rel.ro.local.*)
 *(.data.rel.ro* .gnu.linkonce.d.rel.ro.*)

.dynamic
 *(.dynamic)

.got
 *(.got)
 *(.igot)
                0x000000000010247c                . = DATA_SEGMENT_RELRO_END (., 0xc)

.got.plt        0x000000000010247c        0x0
 *(.got.plt)
 *(.igot.plt)
 .igot.plt      0x0000000000000000        0x0 bin/arch.o

.data           0x000000000010247c        0x0
 *(.data .data.* .gnu.linkonce.d.*)
 .data          0x000000000010247c        0x0 bin/arch.o

.data1
 *(.data1)
                0x000000000010247c                _edata = .
                0x000000000010247c                PROVIDE (edata, .)
                0x000000000010247c                __bss_start = .

.bss            0x0000000000102480      0xa00
 *(.dynbss)
 *(.bss .bss.* .gnu.linkonce.b.*)
 .bss           0x0000000000102480        0x4 bin/arch.o
                0x0000000000102480                disp_pos
 *(COMMON)
 *fill*         0x0000000000102484       0x1c 00
 COMMON         0x00000000001024a0      0x9e0 bin/arch.o
                0x00000000001024a0                gdt_table
                0x00000000001025a0                idt_ptr
                0x00000000001025c0                tss
                0x000000000010262c                gdt_ptr
                0x0000000000102632                tss_sel
                0x0000000000102634                ldt_ptr
                0x0000000000102640                idt_table
                0x0000000000102e40                ldt_table
                0x0000000000102e80                . = ALIGN ((. != 0x0)?0x4:0x1)
                0x0000000000102e80                . = ALIGN (0x4)
                0x0000000000102e80                . = ALIGN (0x4)
                0x0000000000102e80                _end = .
                0x0000000000102e80                PROVIDE (end, .)
                0x0000000000102e80                . = DATA_SEGMENT_END (.)

.stab
 *(.stab)

.stabstr
 *(.stabstr)

.stab.excl
 *(.stab.excl)

.stab.exclstr
 *(.stab.exclstr)

.stab.index
 *(.stab.index)

.stab.indexstr
 *(.stab.indexstr)

.comment        0x0000000000000000       0x2a
 *(.comment)
 .comment       0x0000000000000000       0x2a bin/arch.o
                                        0x183 (size before relaxing)

.debug
 *(.debug)

.line
 *(.line)

.debug_srcinfo
 *(.debug_srcinfo)

.debug_sfnames
 *(.debug_sfnames)

.debug_aranges
 *(.debug_aranges)

.debug_pubnames
 *(.debug_pubnames)

.debug_info
 *(.debug_info .gnu.linkonce.wi.*)

.debug_abbrev
 *(.debug_abbrev)

.debug_line
 *(.debug_line)

.debug_frame
 *(.debug_frame)

.debug_str
 *(.debug_str)

.debug_loc
 *(.debug_loc)

.debug_macinfo
 *(.debug_macinfo)

.debug_weaknames
 *(.debug_weaknames)

.debug_funcnames
 *(.debug_funcnames)

.debug_typenames
 *(.debug_typenames)

.debug_varnames
 *(.debug_varnames)

.debug_pubtypes
 *(.debug_pubtypes)

.debug_ranges
 *(.debug_ranges)

.gnu.attributes
 *(.gnu.attributes)

/DISCARD/
 *(.note.GNU-stack)
 *(.gnu_debuglink)
 *(.gnu.lto_*)
OUTPUT(bin/kernel.bin elf32-i386)

memory          0x0000000000015000      0x210
 memory         0x0000000000015000      0x210 bin/arch.o
                0x0000000000015000                mem_info
                0x0000000000015200                mem_mcr_number
                0x0000000000015204                mem_size
                0x0000000000015208                mem_used_map
                0x000000000001520c                mem_used_map_max
