
Allocating common symbols
Common symbol       size              file

mod_time_id         0x2               bin/micro-kernel.o
mod_hd_id           0x2               bin/micro-kernel.o
gdt_table           0x100             bin/arch.o
handle_table        0xc00             bin/micro-kernel.o
idt_ptr             0x6               bin/arch.o
kernel_reenter      0x4               bin/micro-kernel.o
handle_ret_addr     0x4               bin/micro-kernel.o
zone                0x90              bin/micro-kernel.o
thread_realtime     0x4               bin/micro-kernel.o
mod_addr_room_base  0x1000            bin/micro-kernel.o
mod_addr_room_id    0x2               bin/micro-kernel.o
thread_table        0x80              bin/micro-kernel.o
mod_time_sysclock   0x8               bin/micro-kernel.o
tss                 0x6c              bin/arch.o
thread_queue_ready  0x8               bin/micro-kernel.o
mod_public_msg_id   0x2               bin/micro-kernel.o
mod_addr_block_base
                    0x6000            bin/micro-kernel.o
thread_resched_lock
                    0x4               bin/micro-kernel.o
thread_queue_sleep  0x8               bin/micro-kernel.o
handle_err_code     0x4               bin/micro-kernel.o
kernel_stack_top    0x4               bin/micro-kernel.o
g_page_dir          0x1000            bin/micro-kernel.o
thread_run          0x4               bin/micro-kernel.o
mod_addr_block_hash
                    0x1c              bin/micro-kernel.o
gdt_ptr             0x6               bin/arch.o
thread_run_stack_top
                    0x4               bin/micro-kernel.o
test_id             0x4               bin/micro-kernel.o
mod_addr_room_hash  0x1c              bin/micro-kernel.o
tss_sel             0x2               bin/arch.o
ldt_ptr             0x6               bin/arch.o
idt_table           0x800             bin/arch.o
ldt_table           0x40              bin/arch.o

Discarded input sections

 .note.GNU-stack
                0x0000000000000000        0x0 bin/arch.o
 .note.GNU-stack
                0x0000000000000000        0x0 bin/micro-kernel.o
 .note.GNU-stack
                0x0000000000000000        0x0 bin/lib.o

Memory Configuration

Name             Origin             Length             Attributes
*default*        0x0000000000000000 0xffffffffffffffff

Linker script and memory map

Address of section .text set to 0x100000
Address of section bios set to 0x30000
LOAD bin/arch.o
LOAD bin/micro-kernel.o
LOAD bin/lib.o
                0x0000000008048000                PROVIDE (__executable_start, 0x8048000)
                0x0000000008048094                . = (0x8048000 + SIZEOF_HEADERS)

.interp
 *(.interp)

.note.gnu.build-id
 *(.note.gnu.build-id)

.hash
 *(.hash)

.gnu.hash
 *(.gnu.hash)

.dynsym
 *(.dynsym)

.dynstr
 *(.dynstr)

.gnu.version
 *(.gnu.version)

.gnu.version_d
 *(.gnu.version_d)

.gnu.version_r
 *(.gnu.version_r)

.rel.dyn        0x0000000008048094        0x0
 *(.rel.init)
 *(.rel.text .rel.text.* .rel.gnu.linkonce.t.*)
 .rel.text      0x0000000000000000        0x0 bin/arch.o
 *(.rel.fini)
 *(.rel.rodata .rel.rodata.* .rel.gnu.linkonce.r.*)
 *(.rel.data.rel.ro* .rel.gnu.linkonce.d.rel.ro.*)
 *(.rel.data .rel.data.* .rel.gnu.linkonce.d.*)
 *(.rel.tdata .rel.tdata.* .rel.gnu.linkonce.td.*)
 *(.rel.tbss .rel.tbss.* .rel.gnu.linkonce.tb.*)
 *(.rel.ctors)
 *(.rel.dtors)
 *(.rel.got)
 *(.rel.bss .rel.bss.* .rel.gnu.linkonce.b.*)
 *(.rel.ifunc)

.rel.plt        0x0000000008048094        0x0
 *(.rel.plt)
                0x0000000008048094                PROVIDE (__rel_iplt_start, .)
 *(.rel.iplt)
 .rel.iplt      0x0000000000000000        0x0 bin/arch.o
                0x0000000008048094                PROVIDE (__rel_iplt_end, .)

.init
 *(.init)

.plt            0x00000000080480a0        0x0
 *(.plt)
 *(.iplt)
 .iplt          0x0000000000000000        0x0 bin/arch.o

.text           0x0000000000100000     0x4083
 *(.text.unlikely .text.*_unlikely)
 *(.text.exit .text.exit.*)
 *(.text.startup .text.startup.*)
 *(.text.hot .text.hot.*)
 *(.text .stub .text.* .gnu.linkonce.t.*)
 .text          0x0000000000100000      0x928 bin/arch.o
                0x0000000000100000                _start
                0x000000000010003c                print
                0x000000000010007c                desc_init
                0x0000000000100104                desc_create
                0x0000000000100147                gate_init
                0x00000000001001aa                gate_create
                0x00000000001001fc                gdt_add
                0x0000000000100256                gdt_remove
                0x0000000000100279                gdt_set
                0x00000000001002aa                gdt_get
                0x00000000001002d0                gdt_load
                0x0000000000100308                ldt_init
                0x000000000010030d                ldt_add
                0x0000000000100367                ldt_remove
                0x000000000010038a                ldt_set
                0x00000000001003bb                ldt_get
                0x00000000001003e1                ldt_load
                0x0000000000100418                idt_set
                0x0000000000100434                idt_get
                0x0000000000100452                idt_init_call
                0x00000000001004ae                idt_init_intr
                0x000000000010050a                idt_init_trap
                0x0000000000100566                idt_init_task
                0x00000000001005c2                idt_load
                0x00000000001005f8                page_link
                0x0000000000100679                page_directory_load
                0x0000000000100690                tss_load
                0x00000000001006f0                init_8259A
                0x00000000001007c0                disable_irq
                0x0000000000100855                enable_irq
                0x00000000001008f0                print_pos
 *fill*         0x0000000000100928        0x8 90909090
 .text          0x0000000000100930     0x2cf9 bin/micro-kernel.o
                0x0000000000100930                save
                0x000000000010097f                restart
                0x00000000001009b0                hwint00
                0x00000000001009d0                hwint01
                0x00000000001009f0                hwint02
                0x0000000000100a10                hwint03
                0x0000000000100a30                hwint04
                0x0000000000100a50                hwint05
                0x0000000000100a70                hwint06
                0x0000000000100a90                hwint07
                0x0000000000100ab0                hwint08
                0x0000000000100ae0                hwint09
                0x0000000000100b10                hwint10
                0x0000000000100b40                hwint11
                0x0000000000100b70                hwint12
                0x0000000000100ba0                hwint13
                0x0000000000100bd0                hwint14
                0x0000000000100c00                hwint15
                0x0000000000100c23                divide_error
                0x0000000000100c41                single_step_exception
                0x0000000000100c5f                nmi
                0x0000000000100c7d                breakpoint_exception
                0x0000000000100c9b                overflow
                0x0000000000100cb9                bounds_check
                0x0000000000100cd7                inval_opcode
                0x0000000000100cf5                copr_not_available
                0x0000000000100d13                double_fault
                0x0000000000100d2f                copr_seg_overrun
                0x0000000000100d4d                inval_tss
                0x0000000000100d69                segment_not_present
                0x0000000000100d85                stack_exception
                0x0000000000100da1                general_protection
                0x0000000000100dbd                page_fault
                0x0000000000100dd9                copr_error
                0x0000000000100df8                wait
                0x0000000000100e3d                exit
                0x0000000000100e6c                kernel_main
                0x0000000000100eae                kernel_main_thread
                0x0000000000100ede                test_main
                0x00000000001010c4                main_thread_create
                0x0000000000101224                intr_handle
                0x0000000000101293                exception_handle
                0x0000000000101308                page_init
                0x0000000000101416                gdt_init
                0x000000000010153b                tss_init
                0x00000000001015ca                idt_init
                0x0000000000101a8a                post
                0x0000000000101b3f                recv
                0x0000000000101cb9                thread_init
                0x0000000000101d8d                thread_set
                0x0000000000101dcd                thread_wait
                0x0000000000101dfc                thread_exit
                0x0000000000101e87                thread_schedule
                0x0000000000102024                create
                0x00000000001020c1                ready
                0x00000000001020f7                sleep
                0x0000000000102138                wake
                0x0000000000102179                kill
                0x00000000001021f9                lock
                0x0000000000102215                unlock
                0x00000000001022d8                buddy_init
                0x000000000010248e                page_search
                0x00000000001024d5                page_alloc
                0x00000000001025db                page_free
                0x0000000000102741                page_is_buddy
                0x000000000010277c                alloc
                0x00000000001027c9                free
                0x000000000010291c                new
                0x00000000001029fb                delete
                0x0000000000102a7c                mod_time_show
                0x0000000000102c6b                mod_time_read_cmos
                0x0000000000102d85                mod_time_do
                0x0000000000102da1                mod_time_main
                0x0000000000102e64                mod_public_msg_do
                0x0000000000102fa4                mod_public_msg_main
                0x0000000000103056                mod_addr_room_create
                0x00000000001030c0                mod_addr_room_alloc
                0x0000000000103119                mod_addr_room_add
                0x000000000010322a                mod_addr_room_del
                0x0000000000103269                mod_addr_room_switch
                0x000000000010343e                mod_addr_room_do
                0x0000000000103589                mod_addr_room_main
 *fill*         0x0000000000103629        0x3 90909090
 .text          0x000000000010362c      0xa57 bin/lib.o
                0x000000000010362c                memset
                0x0000000000103644                memcpy
                0x0000000000103679                memcmp
                0x00000000001036c5                strcpy
                0x00000000001036fe                strcat
                0x0000000000103748                list_init
                0x0000000000103764                list_add
                0x00000000001037b3                list_addtail
                0x00000000001037ff                list_search
                0x0000000000103847                list_insert
                0x00000000001038b4                list_unlink
                0x00000000001038ed                list_delete
                0x0000000000103927                list_empty
                0x000000000010399c                itoa
                0x0000000000103bc4                dbcd_to_str
                0x0000000000103bf8                dbcd_to_int
                0x0000000000103e4c                hash_create
                0x0000000000103f02                hash_set
                0x0000000000103f5a                hash_get
                0x0000000000103fc5                hash_del
                0x0000000000104030                hash_getaddr
 *(.gnu.warning)

.fini
 *(.fini)
                0x0000000000104083                PROVIDE (__etext, .)
                0x0000000000104083                PROVIDE (_etext, .)
                0x0000000000104083                PROVIDE (etext, .)

.rodata         0x00000000001040a0      0x168
 *(.rodata .rodata.* .gnu.linkonce.r.*)
 .rodata        0x00000000001040a0      0x168 bin/micro-kernel.o
                0x0000000000104120                msg_priority_table

.rodata1
 *(.rodata1)

.eh_frame_hdr
 *(.eh_frame_hdr)

.eh_frame       0x0000000000104208     0x1004
 *(.eh_frame)
 .eh_frame      0x0000000000104208      0x420 bin/arch.o
                                        0x4c8 (size before relaxing)
 .eh_frame      0x0000000000104628      0x878 bin/micro-kernel.o
                                        0x968 (size before relaxing)
 .eh_frame      0x0000000000104ea0      0x36c bin/lib.o
                                        0x3e4 (size before relaxing)

.gcc_except_table
 *(.gcc_except_table .gcc_except_table.*)

.exception_ranges
 *(.exception_ranges .exception_ranges*)
                0x000000000010520c                . = (ALIGN (0x1000) - ((0x1000 - .) & 0xfff))
                0x000000000010620c                . = DATA_SEGMENT_ALIGN (0x1000, 0x1000)

.eh_frame
 *(.eh_frame)

.gcc_except_table
 *(.gcc_except_table .gcc_except_table.*)

.exception_ranges
 *(.exception_ranges .exception_ranges*)

.tdata
 *(.tdata .tdata.* .gnu.linkonce.td.*)

.tbss
 *(.tbss .tbss.* .gnu.linkonce.tb.*)
 *(.tcommon)

.preinit_array  0x000000000010620c        0x0
                0x000000000010620c                PROVIDE (__preinit_array_start, .)
 *(.preinit_array)
                0x000000000010620c                PROVIDE (__preinit_array_end, .)

.init_array     0x000000000010620c        0x0
                0x000000000010620c                PROVIDE (__init_array_start, .)
 *(SORT(.init_array.*) SORT(.ctors.*))
 *(.init_array)
 *(EXCLUDE_FILE(*crtend?.o *crtend.o *crtbegin?.o *crtbegin.o) .ctors)
                0x000000000010620c                PROVIDE (__init_array_end, .)

.fini_array     0x000000000010620c        0x0
                0x000000000010620c                PROVIDE (__fini_array_start, .)
 *(SORT(.fini_array.*) SORT(.dtors.*))
 *(.fini_array)
 *(EXCLUDE_FILE(*crtend?.o *crtend.o *crtbegin?.o *crtbegin.o) .dtors)
                0x000000000010620c                PROVIDE (__fini_array_end, .)

.ctors
 *crtbegin.o(.ctors)
 *crtbegin?.o(.ctors)
 *(EXCLUDE_FILE(*crtend?.o *crtend.o) .ctors)
 *(SORT(.ctors.*))
 *(.ctors)

.dtors
 *crtbegin.o(.dtors)
 *crtbegin?.o(.dtors)
 *(EXCLUDE_FILE(*crtend?.o *crtend.o) .dtors)
 *(SORT(.dtors.*))
 *(.dtors)

.jcr
 *(.jcr)

.data.rel.ro
 *(.data.rel.ro.local* .gnu.linkonce.d.rel.ro.local.*)
 *(.data.rel.ro* .gnu.linkonce.d.rel.ro.*)

.dynamic
 *(.dynamic)

.got
 *(.got)
 *(.igot)
                0x000000000010620c                . = DATA_SEGMENT_RELRO_END (., 0xc)

.got.plt        0x000000000010620c        0x0
 *(.got.plt)
 *(.igot.plt)
 .igot.plt      0x0000000000000000        0x0 bin/arch.o

.data           0x0000000000106220      0x110
 *(.data .data.* .gnu.linkonce.d.*)
 .data          0x0000000000106220        0x0 bin/arch.o
 .data          0x0000000000106220      0x110 bin/micro-kernel.o
                0x0000000000106220                msg_ok
                0x0000000000106230                msg_fail
                0x0000000000106240                msg_max
                0x0000000000106250                msg_reg
                0x0000000000106260                thread_default_reg
                0x00000000001062c0                day_of_week_table
 .data          0x0000000000106330        0x0 bin/lib.o

.data1
 *(.data1)
                0x0000000000106330                _edata = .
                0x0000000000106330                PROVIDE (edata, .)
                0x0000000000106330                __bss_start = .

.bss            0x0000000000106340     0xaa04
 *(.dynbss)
 *(.bss .bss.* .gnu.linkonce.b.*)
 .bss           0x0000000000106340        0x4 bin/arch.o
                0x0000000000106340                disp_pos
 *fill*         0x0000000000106344       0x1c 00
 .bss           0x0000000000106360     0x1200 bin/micro-kernel.o
                0x0000000000106360                msg_reg_table
 .bss           0x0000000000107560        0x0 bin/lib.o
 *(COMMON)
 COMMON         0x0000000000107560      0x9e0 bin/arch.o
                0x0000000000107560                gdt_table
                0x0000000000107660                idt_ptr
                0x0000000000107680                tss
                0x00000000001076ec                gdt_ptr
                0x00000000001076f2                tss_sel
                0x00000000001076f4                ldt_ptr
                0x0000000000107700                idt_table
                0x0000000000107f00                ldt_table
 COMMON         0x0000000000107f40     0x8e04 bin/micro-kernel.o
                0x0000000000107f40                mod_time_id
                0x0000000000107f42                mod_hd_id
                0x0000000000107f60                handle_table
                0x0000000000108b60                kernel_reenter
                0x0000000000108b64                handle_ret_addr
                0x0000000000108b80                zone
                0x0000000000108c10                thread_realtime
                0x0000000000108c20                mod_addr_room_base
                0x0000000000109c20                mod_addr_room_id
                0x0000000000109c40                thread_table
                0x0000000000109cc0                mod_time_sysclock
                0x0000000000109cc8                thread_queue_ready
                0x0000000000109cd0                mod_public_msg_id
                0x0000000000109ce0                mod_addr_block_base
                0x000000000010fce0                thread_resched_lock
                0x000000000010fce4                thread_queue_sleep
                0x000000000010fcec                handle_err_code
                0x000000000010fcf0                kernel_stack_top
                0x000000000010fd00                g_page_dir
                0x0000000000110d00                thread_run
                0x0000000000110d04                mod_addr_block_hash
                0x0000000000110d20                thread_run_stack_top
                0x0000000000110d24                test_id
                0x0000000000110d28                mod_addr_room_hash
                0x0000000000110d44                . = ALIGN ((. != 0x0)?0x4:0x1)
                0x0000000000110d44                . = ALIGN (0x4)
                0x0000000000110d44                . = ALIGN (0x4)
                0x0000000000110d44                _end = .
                0x0000000000110d44                PROVIDE (end, .)
                0x0000000000110d44                . = DATA_SEGMENT_END (.)

.stab
 *(.stab)

.stabstr
 *(.stabstr)

.stab.excl
 *(.stab.excl)

.stab.exclstr
 *(.stab.exclstr)

.stab.index
 *(.stab.index)

.stab.indexstr
 *(.stab.indexstr)

.comment        0x0000000000000000       0x2a
 *(.comment)
 .comment       0x0000000000000000       0x2a bin/arch.o
                                        0x158 (size before relaxing)
 .comment       0x0000000000000000      0x1d9 bin/micro-kernel.o
 .comment       0x0000000000000000       0xd7 bin/lib.o

.debug
 *(.debug)

.line
 *(.line)

.debug_srcinfo
 *(.debug_srcinfo)

.debug_sfnames
 *(.debug_sfnames)

.debug_aranges
 *(.debug_aranges)

.debug_pubnames
 *(.debug_pubnames)

.debug_info
 *(.debug_info .gnu.linkonce.wi.*)

.debug_abbrev
 *(.debug_abbrev)

.debug_line
 *(.debug_line)

.debug_frame
 *(.debug_frame)

.debug_str
 *(.debug_str)

.debug_loc
 *(.debug_loc)

.debug_macinfo
 *(.debug_macinfo)

.debug_weaknames
 *(.debug_weaknames)

.debug_funcnames
 *(.debug_funcnames)

.debug_typenames
 *(.debug_typenames)

.debug_varnames
 *(.debug_varnames)

.debug_pubtypes
 *(.debug_pubtypes)

.debug_ranges
 *(.debug_ranges)

.gnu.attributes
 *(.gnu.attributes)

/DISCARD/
 *(.note.GNU-stack)
 *(.gnu_debuglink)
 *(.gnu.lto_*)
OUTPUT(bin/kernel.bin elf32-i386)

bios            0x0000000000030000      0x300
 bios           0x0000000000030000      0x300 bin/arch.o
                0x0000000000030000                mem_info
                0x0000000000030200                mem_mcr_number
                0x0000000000030204                mem_size
                0x0000000000030208                mem_used_map
                0x000000000003020c                mem_used_map_max
                0x0000000000030300                cmos_info
